// Jest Snapshot v1, https://goo.gl/fbAQLP

exports[`render should be match markup 1`] = `
Array [
  <div
    className="movie-card__text movie-card__row"
  >
    <div
      className="movie-card__text-col"
    >
      <p
        className="movie-card__details-item"
      >
        <strong
          className="movie-card__details-name"
        >
          Director
        </strong>
        <span
          className="movie-card__details-value"
        >
          Director
        </span>
      </p>
      <p
        className="movie-card__details-item"
      >
        <strong
          className="movie-card__details-name"
        >
          Starring
        </strong>
        <span
          className="movie-card__details-value"
        >
          Actor 1
          , 
          <br />
          Actor 2
          , 
          <br />
          Actor 3
          , 
          <br />
          Actor 4
          , 
          <br />
          Actor 5
        </span>
      </p>
    </div>
    <div
      className="movie-card__text-col"
    >
      <p
        className="movie-card__details-item"
      >
        <strong
          className="movie-card__details-name"
        >
          Run Time
        </strong>
        <span
          className="movie-card__details-value"
        >
          3h 20m
        </span>
      </p>
      <p
        className="movie-card__details-item"
      >
        <strong
          className="movie-card__details-name"
        >
          Genre
        </strong>
        <span
          className="movie-card__details-value"
        />
      </p>
      <p
        className="movie-card__details-item"
      >
        <strong
          className="movie-card__details-name"
        >
          Released
        </strong>
        <span
          className="movie-card__details-value"
        >
          2014
        </span>
      </p>
    </div>
  </div>,
  <section
    className="catalog catalog--like-this"
  >
    <h2
      className="catalog__title"
    >
      More like this
    </h2>
    <div
      className="catalog__movies-list"
    >
      <article
        className="small-movie-card catalog__movies-card"
      >
        <div
          className="small-movie-card__image"
        >
          <img
            alt="Fantastic Beasts: The Crimes of Grindelwald"
            height="175"
            src="img/bg-the-grand-budapest-hotel.jpg"
            width="280"
          />
        </div>
        <h3
          className="small-movie-card__title"
        >
          <a
            className="small-movie-card__link"
            href="movie-page.html"
          >
            Citizen Kane
          </a>
        </h3>
      </article>
      <article
        className="small-movie-card catalog__movies-card"
      >
        <div
          className="small-movie-card__image"
        >
          <img
            alt="Fantastic Beasts: The Crimes of Grindelwald"
            height="175"
            src="img/bg-the-grand-budapest-hotel.jpg"
            width="280"
          />
        </div>
        <h3
          className="small-movie-card__title"
        >
          <a
            className="small-movie-card__link"
            href="movie-page.html"
          >
            Casablanka
          </a>
        </h3>
      </article>
      <article
        className="small-movie-card catalog__movies-card"
      >
        <div
          className="small-movie-card__image"
        >
          <img
            alt="Fantastic Beasts: The Crimes of Grindelwald"
            height="175"
            src="img/bg-the-grand-budapest-hotel.jpg"
            width="280"
          />
        </div>
        <h3
          className="small-movie-card__title"
        >
          <a
            className="small-movie-card__link"
            href="movie-page.html"
          >
            The Godfather
          </a>
        </h3>
      </article>
    </div>
  </section>,
]
`;
