// Jest Snapshot v1, https://goo.gl/fbAQLP

exports[`render should be match markup 1`] = `
<section
  className="movie-card movie-card--full"
  style={
    Object {
      "background": "#A6B7AC",
    }
  }
>
  <div
    className="movie-card__hero"
  >
    <div
      className="movie-card__bg"
    >
      <img
        alt="Bohemian Rhapsody poster"
        src="https://loremflickr.com/cache/resized/65535_49768198796_957c97bc00_h_1280_543_nofilter.jpg"
      />
    </div>
    <h1
      className="visually-hidden"
    >
      WTW
    </h1>
    <header
      className="page-header movie-card__head"
    >
      <div
        className="logo"
      >
        <a
          className="logo__link"
        >
          <span
            className="logo__letter logo__letter--1"
          >
            W
          </span>
          <span
            className="logo__letter logo__letter--2"
          >
            T
          </span>
          <span
            className="logo__letter logo__letter--3"
          >
            W
          </span>
        </a>
      </div>
      <div
        className="user-block"
      >
        <a
          className="user-block__link"
          href="sign-in.html"
          onClick={[Function]}
        >
          Sign in
        </a>
      </div>
    </header>
    <div
      className="movie-card__wrap"
    >
      <div
        className="movie-card__desc"
      >
        <h2
          className="movie-card__title"
        >
          Bohemian Rhapsody
        </h2>
        <p
          className="movie-card__meta"
        >
          <span
            className="movie-card__genre"
          >
            Drama
          </span>
          <span
            className="movie-card__year"
          >
            2018
          </span>
        </p>
        <div
          className="movie-card__buttons"
        >
          <button
            className="btn btn--play movie-card__button"
            type="button"
          >
            <svg
              height="19"
              id="play-s"
              viewBox="0 0 19 19"
              width="19"
            >
              <path
                clipRule="evenodd"
                d="M0 0L19 9.5L0 19V0Z"
                fill="#EEE5B5"
                fillRule="evenodd"
              />
            </svg>
            <span>
              Play
            </span>
          </button>
          <button
            className="btn btn--list movie-card__button"
            type="button"
          >
            <svg
              height="20"
              viewBox="0 0 19 20"
              width="19"
            >
              <use
                xlinkHref="#add"
              />
            </svg>
            <span>
              My list
            </span>
          </button>
        </div>
      </div>
    </div>
  </div>
  <div
    className="movie-card__wrap movie-card__translate-top"
  >
    <div
      className="movie-card__info"
    >
      <div
        className="movie-card__poster movie-card__poster--big"
      >
        <img
          alt="Bohemian Rhapsody poster"
          height="327"
          src="https://loremflickr.com/cache/resized/65535_50001660108_922f0950ea_z_273_410_nofilter.jpg"
          width="218"
        />
      </div>
      <div
        className="movie-card__desc"
      >
        <nav
          className="movie-nav movie-card__nav"
        >
          <ul
            className="movie-nav__list"
          >
            <li
              className="movie-nav__item movie-nav__item--active"
            >
              <a
                className="movie-nav__link"
                data-index={0}
                href="#"
                onClick={[Function]}
              >
                Overview
              </a>
            </li>
            <li
              className="movie-nav__item "
            >
              <a
                className="movie-nav__link"
                data-index={1}
                href="#"
                onClick={[Function]}
              >
                Details
              </a>
            </li>
            <li
              className="movie-nav__item "
            >
              <a
                className="movie-nav__link"
                data-index={2}
                href="#"
                onClick={[Function]}
              >
                Reviews
              </a>
            </li>
          </ul>
        </nav>
        <div
          className="movie-rating"
        >
          <div
            className="movie-rating__score"
          >
            9
          </div>
          <p
            className="movie-rating__meta"
          >
            <span
              className="movie-rating__level"
            >
              Very good
            </span>
            <span
              className="movie-rating__count"
            >
              250 ratings
            </span>
          </p>
        </div>
        <div
          className="movie-card__text"
        >
          <p>
            A British-American venture, the film was produced by 20th Century Fox, Regency Enterprises, GK Films, and Queen Films, with Fox serving as distributor. The film follows the singer's life from the formation of the band up to their 1985 Live Aid performance at the original Wembley Stadium.
          </p>
          <p
            className="movie-card__director"
          >
            <strong>
              Director: 
              Bryan Singer
            </strong>
          </p>
          <p
            className="movie-card__starring"
          >
            <strong>
              Starring: 
              Michael Fassbender, Marion Cotillard, Paddy Considine, Sean Harris
            </strong>
          </p>
        </div>
      </div>
    </div>
  </div>
</section>
`;
